CREATE TABLE IF NOT EXISTS "users" (
  "id" uuid NOT NULL,
  "email" text NOT NULL,
  "name" text NOT NULL,
  "age" integer,
  "created_at" timestamptz NOT NULL DEFAULT now(),
  PRIMARY KEY ("id"),
  UNIQUE ("email")
);
COMMENT ON TABLE "users" IS 'uid: tbl:User';
COMMENT ON COLUMN "users"."id" IS 'uid: col:User.id';
COMMENT ON COLUMN "users"."email" IS 'uid: col:User.email';
COMMENT ON COLUMN "users"."name" IS 'uid: col:User.name';
COMMENT ON COLUMN "users"."age" IS 'uid: col:User.age';
COMMENT ON COLUMN "users"."created_at" IS 'uid: col:User.createdAt';
